[
  {
    "tick": 0,
    "tiles": {
      "fg": {
        "16": 258,
        "18": 27,
        "sand": 506,
        "stone": 5415,
        "mud": 3943,
        "water": 2856,
        "kiln_stone": 88,
        "seed": 30,
        "brick": 1,
        "kiln_fire": 1
      },
      "bg": {
        "leaf": 923,
        "tree": 191
      }
    },
    "guys": [
      {
        "id": 0,
        "x": 13,
        "y": 320,
        "job": "farm",
        "task": "wander",
        "carrying": null,
        "targetX": 13,
        "targetY": 320,
        "placeX": -1,
        "placeY": -1,
        "placeType": 0,
        "terraformFills": 0,
        "terraformClears": 0,
        "state": "fall",
        "pathLen": 0
      },
      {
        "id": 1,
        "x": 214,
        "y": 305,
        "job": "farm",
        "task": "wander",
        "carrying": null,
        "targetX": 214,
        "targetY": 305,
        "placeX": -1,
        "placeY": -1,
        "placeType": 0,
        "terraformFills": 0,
        "terraformClears": 0,
        "state": "fall",
        "pathLen": 0
      },
      {
        "id": 2,
        "x": 214,
        "y": 306,
        "job": "farm",
        "task": "wander",
        "carrying": null,
        "targetX": 214,
        "targetY": 306,
        "placeX": -1,
        "placeY": -1,
        "placeType": 0,
        "terraformFills": 0,
        "terraformClears": 0,
        "state": "fall",
        "pathLen": 0
      },
      {
        "id": 3,
        "x": 197,
        "y": 304,
        "job": "farm",
        "task": "wander",
        "carrying": null,
        "targetX": 197,
        "targetY": 304,
        "placeX": -1,
        "placeY": -1,
        "placeType": 0,
        "terraformFills": 0,
        "terraformClears": 0,
        "state": "fall",
        "pathLen": 0
      },
      {
        "id": 4,
        "x": 218,
        "y": 305,
        "job": "farm",
        "task": "wander",
        "carrying": null,
        "targetX": 218,
        "targetY": 305,
        "placeX": -1,
        "placeY": -1,
        "placeType": 0,
        "terraformFills": 0,
        "terraformClears": 0,
        "state": "fall",
        "pathLen": 0
      },
      {
        "id": 5,
        "x": 219,
        "y": 306,
        "job": "farm",
        "task": "wander",
        "carrying": null,
        "targetX": 219,
        "targetY": 306,
        "placeX": -1,
        "placeY": -1,
        "placeType": 0,
        "terraformFills": 0,
        "terraformClears": 0,
        "state": "fall",
        "pathLen": 0
      }
    ]
  },
  {
    "tick": 25,
    "tiles": {
      "fg": {
        "16": 258,
        "18": 27,
        "sand": 506,
        "stone": 5415,
        "mud": 3943,
        "water": 2856,
        "kiln_stone": 88,
        "seed": 30,
        "brick": 1,
        "kiln_fire": 1
      },
      "bg": {
        "leaf": 923,
        "tree": 191
      }
    },
    "guys": [
      {
        "id": 0,
        "x": 18,
        "y": 320,
        "job": "farm",
        "task": "wander",
        "carrying": null,
        "targetX": 13,
        "targetY": 320,
        "placeX": -1,
        "placeY": -1,
        "placeType": 0,
        "terraformFills": 0,
        "terraformClears": 0,
        "state": "swim",
        "pathLen": 0
      },
      {
        "id": 1,
        "x": 219,
        "y": 304,
        "job": "farm",
        "task": "wander",
        "carrying": null,
        "targetX": 214,
        "targetY": 305,
        "placeX": -1,
        "placeY": -1,
        "placeType": 0,
        "terraformFills": 0,
        "terraformClears": 0,
        "state": "walk",
        "pathLen": 0
      },
      {
        "id": 2,
        "x": 218,
        "y": 304,
        "job": "farm",
        "task": "wander",
        "carrying": null,
        "targetX": 214,
        "targetY": 306,
        "placeX": -1,
        "placeY": -1,
        "placeType": 0,
        "terraformFills": 0,
        "terraformClears": 0,
        "state": "walk",
        "pathLen": 0
      },
      {
        "id": 3,
        "x": 209,
        "y": 308,
        "job": "farm",
        "task": "wander",
        "carrying": null,
        "targetX": 197,
        "targetY": 304,
        "placeX": -1,
        "placeY": -1,
        "placeType": 0,
        "terraformFills": 0,
        "terraformClears": 0,
        "state": "walk",
        "pathLen": 0
      },
      {
        "id": 4,
        "x": 220,
        "y": 305,
        "job": "farm",
        "task": "wander",
        "carrying": null,
        "targetX": 218,
        "targetY": 305,
        "placeX": -1,
        "placeY": -1,
        "placeType": 0,
        "terraformFills": 0,
        "terraformClears": 0,
        "state": "walk",
        "pathLen": 0
      },
      {
        "id": 5,
        "x": 224,
        "y": 303,
        "job": "farm",
        "task": "wander",
        "carrying": null,
        "targetX": 219,
        "targetY": 306,
        "placeX": -1,
        "placeY": -1,
        "placeType": 0,
        "terraformFills": 0,
        "terraformClears": 0,
        "state": "walk",
        "pathLen": 0
      }
    ],
    "kilns": [],
    "houses": []
  },
  {
    "tick": 50,
    "tiles": {
      "fg": {
        "16": 258,
        "18": 27,
        "sand": 506,
        "stone": 5415,
        "mud": 3943,
        "water": 2856,
        "kiln_stone": 88,
        "seed": 30,
        "brick": 1,
        "kiln_fire": 1
      },
      "bg": {
        "leaf": 923,
        "tree": 191
      }
    },
    "guys": [
      {
        "id": 0,
        "x": 17,
        "y": 319,
        "job": "farm",
        "task": "wander",
        "carrying": null,
        "targetX": 13,
        "targetY": 320,
        "placeX": -1,
        "placeY": -1,
        "placeType": 0,
        "terraformFills": 0,
        "terraformClears": 0,
        "state": "swim",
        "pathLen": 0
      },
      {
        "id": 1,
        "x": 220,
        "y": 305,
        "job": "farm",
        "task": "wander",
        "carrying": null,
        "targetX": 214,
        "targetY": 305,
        "placeX": -1,
        "placeY": -1,
        "placeType": 0,
        "terraformFills": 0,
        "terraformClears": 0,
        "state": "walk",
        "pathLen": 0
      },
      {
        "id": 2,
        "x": 207,
        "y": 308,
        "job": "farm",
        "task": "wander",
        "carrying": null,
        "targetX": 214,
        "targetY": 306,
        "placeX": -1,
        "placeY": -1,
        "placeType": 0,
        "terraformFills": 0,
        "terraformClears": 0,
        "state": "walk",
        "pathLen": 0
      },
      {
        "id": 3,
        "x": 206,
        "y": 306,
        "job": "farm",
        "task": "wander",
        "carrying": null,
        "targetX": 197,
        "targetY": 304,
        "placeX": -1,
        "placeY": -1,
        "placeType": 0,
        "terraformFills": 0,
        "terraformClears": 0,
        "state": "walk",
        "pathLen": 0
      },
      {
        "id": 4,
        "x": 229,
        "y": 303,
        "job": "farm",
        "task": "wander",
        "carrying": null,
        "targetX": 218,
        "targetY": 305,
        "placeX": -1,
        "placeY": -1,
        "placeType": 0,
        "terraformFills": 0,
        "terraformClears": 0,
        "state": "walk",
        "pathLen": 0
      },
      {
        "id": 5,
        "x": 222,
        "y": 303,
        "job": "farm",
        "task": "wander",
        "carrying": null,
        "targetX": 219,
        "targetY": 306,
        "placeX": -1,
        "placeY": -1,
        "placeType": 0,
        "terraformFills": 0,
        "terraformClears": 0,
        "state": "walk",
        "pathLen": 0
      }
    ],
    "kilns": [],
    "houses": []
  },
  {
    "tick": 75,
    "tiles": {
      "fg": {
        "16": 258,
        "18": 27,
        "sand": 506,
        "stone": 5415,
        "mud": 3943,
        "water": 2856,
        "kiln_stone": 88,
        "seed": 30,
        "brick": 1,
        "kiln_fire": 1
      },
      "bg": {
        "leaf": 923,
        "tree": 191
      }
    },
    "guys": [
      {
        "id": 0,
        "x": 25,
        "y": 315,
        "job": "farm",
        "task": "wander",
        "carrying": null,
        "targetX": 13,
        "targetY": 320,
        "placeX": -1,
        "placeY": -1,
        "placeType": 0,
        "terraformFills": 0,
        "terraformClears": 0,
        "state": "walk",
        "pathLen": 0
      },
      {
        "id": 1,
        "x": 227,
        "y": 303,
        "job": "farm",
        "task": "place",
        "carrying": "seed",
        "targetX": 274,
        "targetY": 303,
        "placeX": 274,
        "placeY": 302,
        "placeType": 9,
        "terraformFills": 0,
        "terraformClears": 0,
        "state": "walk",
        "pathLen": 28
      },
      {
        "id": 2,
        "x": 203,
        "y": 305,
        "job": "farm",
        "task": "wander",
        "carrying": null,
        "targetX": 214,
        "targetY": 306,
        "placeX": -1,
        "placeY": -1,
        "placeType": 0,
        "terraformFills": 0,
        "terraformClears": 0,
        "state": "walk",
        "pathLen": 0
      },
      {
        "id": 3,
        "x": 216,
        "y": 307,
        "job": "farm",
        "task": "wander",
        "carrying": null,
        "targetX": 197,
        "targetY": 304,
        "placeX": -1,
        "placeY": -1,
        "placeType": 0,
        "terraformFills": 0,
        "terraformClears": 0,
        "state": "walk",
        "pathLen": 0
      },
      {
        "id": 4,
        "x": 229,
        "y": 303,
        "job": "farm",
        "task": "place",
        "carrying": "seed",
        "targetX": 274,
        "targetY": 303,
        "placeX": 274,
        "placeY": 302,
        "placeType": 9,
        "terraformFills": 0,
        "terraformClears": 0,
        "state": "walk",
        "pathLen": 26
      },
      {
        "id": 5,
        "x": 224,
        "y": 303,
        "job": "farm",
        "task": "wander",
        "carrying": null,
        "targetX": 219,
        "targetY": 306,
        "placeX": -1,
        "placeY": -1,
        "placeType": 0,
        "terraformFills": 0,
        "terraformClears": 0,
        "state": "walk",
        "pathLen": 0
      }
    ],
    "kilns": [],
    "houses": []
  },
  {
    "tick": 100,
    "tiles": {
      "fg": {
        "16": 258,
        "18": 27,
        "sand": 506,
        "stone": 5415,
        "mud": 3943,
        "water": 2856,
        "kiln_stone": 88,
        "seed": 30,
        "brick": 1,
        "kiln_fire": 1
      },
      "bg": {
        "leaf": 923,
        "tree": 191
      }
    },
    "guys": [
      {
        "id": 0,
        "x": 30,
        "y": 315,
        "job": "build",
        "task": "wander",
        "carrying": null,
        "targetX": 13,
        "targetY": 320,
        "placeX": -1,
        "placeY": -1,
        "placeType": 0,
        "terraformFills": 0,
        "terraformClears": 0,
        "state": "walk",
        "pathLen": 0
      },
      {
        "id": 1,
        "x": 234,
        "y": 301,
        "job": "farm",
        "task": "place",
        "carrying": "seed",
        "targetX": 274,
        "targetY": 303,
        "placeX": 274,
        "placeY": 302,
        "placeType": 9,
        "terraformFills": 0,
        "terraformClears": 0,
        "state": "walk",
        "pathLen": 25
      },
      {
        "id": 2,
        "x": 210,
        "y": 308,
        "job": "farm",
        "task": "place",
        "carrying": "seed",
        "targetX": 274,
        "targetY": 303,
        "placeX": 274,
        "placeY": 302,
        "placeType": 9,
        "terraformFills": 0,
        "terraformClears": 0,
        "state": "walk",
        "pathLen": 34
      },
      {
        "id": 3,
        "x": 222,
        "y": 305,
        "job": "farm",
        "task": "place",
        "carrying": "seed",
        "targetX": 274,
        "targetY": 303,
        "placeX": 274,
        "placeY": 302,
        "placeType": 9,
        "terraformFills": 0,
        "terraformClears": 0,
        "state": "walk",
        "pathLen": 28
      },
      {
        "id": 4,
        "x": 231,
        "y": 303,
        "job": "farm",
        "task": "place",
        "carrying": "seed",
        "targetX": 274,
        "targetY": 303,
        "placeX": 274,
        "placeY": 302,
        "placeType": 9,
        "terraformFills": 0,
        "terraformClears": 0,
        "state": "walk",
        "pathLen": 26
      },
      {
        "id": 5,
        "x": 224,
        "y": 303,
        "job": "farm",
        "task": "place",
        "carrying": "seed",
        "targetX": 274,
        "targetY": 303,
        "placeX": 274,
        "placeY": 302,
        "placeType": 9,
        "terraformFills": 0,
        "terraformClears": 0,
        "state": "walk",
        "pathLen": 28
      }
    ],
    "kilns": [],
    "houses": []
  },
  {
    "tick": 125,
    "tiles": {
      "fg": {
        "16": 258,
        "18": 27,
        "sand": 506,
        "stone": 5415,
        "mud": 3943,
        "water": 2856,
        "kiln_stone": 88,
        "seed": 30,
        "brick": 1,
        "kiln_fire": 1
      },
      "bg": {
        "leaf": 923,
        "tree": 191
      }
    },
    "guys": [
      {
        "id": 0,
        "x": 34,
        "y": 320,
        "job": "build",
        "task": "wander",
        "carrying": null,
        "targetX": 13,
        "targetY": 320,
        "placeX": -1,
        "placeY": -1,
        "placeType": 0,
        "terraformFills": 0,
        "terraformClears": 0,
        "state": "swim",
        "pathLen": 0
      },
      {
        "id": 1,
        "x": 234,
        "y": 303,
        "job": "farm",
        "task": "place",
        "carrying": "seed",
        "targetX": 274,
        "targetY": 303,
        "placeX": 274,
        "placeY": 302,
        "placeType": 9,
        "terraformFills": 0,
        "terraformClears": 0,
        "state": "walk",
        "pathLen": 20
      },
      {
        "id": 2,
        "x": 214,
        "y": 306,
        "job": "farm",
        "task": "place",
        "carrying": "seed",
        "targetX": 274,
        "targetY": 303,
        "placeX": 274,
        "placeY": 302,
        "placeType": 9,
        "terraformFills": 0,
        "terraformClears": 0,
        "state": "walk",
        "pathLen": 31
      },
      {
        "id": 3,
        "x": 229,
        "y": 303,
        "job": "farm",
        "task": "place",
        "carrying": "seed",
        "targetX": 274,
        "targetY": 303,
        "placeX": 274,
        "placeY": 302,
        "placeType": 9,
        "terraformFills": 0,
        "terraformClears": 0,
        "state": "walk",
        "pathLen": 26
      },
      {
        "id": 4,
        "x": 241,
        "y": 302,
        "job": "farm",
        "task": "place",
        "carrying": "seed",
        "targetX": 274,
        "targetY": 303,
        "placeX": 274,
        "placeY": 302,
        "placeType": 9,
        "terraformFills": 0,
        "terraformClears": 0,
        "state": "walk",
        "pathLen": 17
      },
      {
        "id": 5,
        "x": 225,
        "y": 303,
        "job": "farm",
        "task": "place",
        "carrying": "seed",
        "targetX": 274,
        "targetY": 303,
        "placeX": 274,
        "placeY": 302,
        "placeType": 9,
        "terraformFills": 0,
        "terraformClears": 0,
        "state": "walk",
        "pathLen": 28
      }
    ],
    "kilns": [],
    "houses": []
  },
  {
    "tick": 150,
    "tiles": {
      "fg": {
        "16": 259,
        "18": 27,
        "sand": 506,
        "stone": 5415,
        "mud": 3942,
        "water": 2856,
        "kiln_stone": 88,
        "seed": 30,
        "brick": 1,
        "kiln_fire": 1
      },
      "bg": {
        "leaf": 923,
        "tree": 191
      }
    },
    "guys": [
      {
        "id": 0,
        "x": 43,
        "y": 321,
        "job": "build",
        "task": "wander",
        "carrying": null,
        "targetX": 13,
        "targetY": 320,
        "placeX": -1,
        "placeY": -1,
        "placeType": 0,
        "terraformFills": 0,
        "terraformClears": 0,
        "state": "swim",
        "pathLen": 0
      },
      {
        "id": 1,
        "x": 242,
        "y": 302,
        "job": "farm",
        "task": "place",
        "carrying": "seed",
        "targetX": 274,
        "targetY": 303,
        "placeX": 274,
        "placeY": 302,
        "placeType": 9,
        "terraformFills": 0,
        "terraformClears": 0,
        "state": "walk",
        "pathLen": 17
      },
      {
        "id": 2,
        "x": 221,
        "y": 306,
        "job": "farm",
        "task": "place",
        "carrying": "seed",
        "targetX": 274,
        "targetY": 303,
        "placeX": 274,
        "placeY": 302,
        "placeType": 9,
        "terraformFills": 0,
        "terraformClears": 0,
        "state": "walk",
        "pathLen": 28
      },
      {
        "id": 3,
        "x": 230,
        "y": 303,
        "job": "farm",
        "task": "place",
        "carrying": "seed",
        "targetX": 274,
        "targetY": 303,
        "placeX": 274,
        "placeY": 302,
        "placeType": 9,
        "terraformFills": 0,
        "terraformClears": 0,
        "state": "walk",
        "pathLen": 26
      },
      {
        "id": 4,
        "x": 247,
        "y": 301,
        "job": "farm",
        "task": "place",
        "carrying": "seed",
        "targetX": 274,
        "targetY": 303,
        "placeX": 274,
        "placeY": 302,
        "placeType": 9,
        "terraformFills": 0,
        "terraformClears": 0,
        "state": "walk",
        "pathLen": 13
      },
      {
        "id": 5,
        "x": 238,
        "y": 303,
        "job": "farm",
        "task": "place",
        "carrying": "seed",
        "targetX": 274,
        "targetY": 303,
        "placeX": 274,
        "placeY": 302,
        "placeType": 9,
        "terraformFills": 0,
        "terraformClears": 0,
        "state": "walk",
        "pathLen": 20
      }
    ],
    "kilns": [],
    "houses": []
  },
  {
    "tick": 175,
    "tiles": {
      "fg": {
        "16": 259,
        "18": 27,
        "sand": 506,
        "stone": 5415,
        "mud": 3942,
        "water": 2856,
        "kiln_stone": 88,
        "seed": 30,
        "brick": 1,
        "kiln_fire": 1
      },
      "bg": {
        "leaf": 923,
        "tree": 191
      }
    },
    "guys": [
      {
        "id": 0,
        "x": 51,
        "y": 321,
        "job": "wanderer",
        "task": "wander",
        "carrying": null,
        "targetX": 13,
        "targetY": 320,
        "placeX": -1,
        "placeY": -1,
        "placeType": 0,
        "terraformFills": 0,
        "terraformClears": 0,
        "state": "swim",
        "pathLen": 0
      },
      {
        "id": 1,
        "x": 255,
        "y": 300,
        "job": "farm",
        "task": "place",
        "carrying": "seed",
        "targetX": 274,
        "targetY": 303,
        "placeX": 274,
        "placeY": 302,
        "placeType": 9,
        "terraformFills": 0,
        "terraformClears": 0,
        "state": "walk",
        "pathLen": 7
      },
      {
        "id": 2,
        "x": 220,
        "y": 304,
        "job": "farm",
        "task": "place",
        "carrying": "seed",
        "targetX": 274,
        "targetY": 303,
        "placeX": 274,
        "placeY": 302,
        "placeType": 9,
        "terraformFills": 0,
        "terraformClears": 0,
        "state": "walk",
        "pathLen": 28
      },
      {
        "id": 3,
        "x": 241,
        "y": 302,
        "job": "farm",
        "task": "place",
        "carrying": "seed",
        "targetX": 274,
        "targetY": 303,
        "placeX": 274,
        "placeY": 302,
        "placeType": 9,
        "terraformFills": 0,
        "terraformClears": 0,
        "state": "walk",
        "pathLen": 17
      },
      {
        "id": 4,
        "x": 256,
        "y": 300,
        "job": "farm",
        "task": "place",
        "carrying": "seed",
        "targetX": 274,
        "targetY": 303,
        "placeX": 274,
        "placeY": 302,
        "placeType": 9,
        "terraformFills": 0,
        "terraformClears": 0,
        "state": "walk",
        "pathLen": 5
      },
      {
        "id": 5,
        "x": 241,
        "y": 302,
        "job": "farm",
        "task": "place",
        "carrying": "seed",
        "targetX": 274,
        "targetY": 303,
        "placeX": 274,
        "placeY": 302,
        "placeType": 9,
        "terraformFills": 0,
        "terraformClears": 0,
        "state": "walk",
        "pathLen": 16
      }
    ],
    "kilns": [],
    "houses": []
  },
  {
    "tick": 200,
    "tiles": {
      "fg": {
        "16": 258,
        "18": 27,
        "sand": 506,
        "stone": 5415,
        "mud": 3943,
        "water": 2856,
        "kiln_stone": 88,
        "seed": 30,
        "brick": 1,
        "kiln_fire": 1
      },
      "bg": {
        "leaf": 923,
        "tree": 191
      }
    },
    "guys": [
      {
        "id": 0,
        "x": 46,
        "y": 321,
        "job": "wanderer",
        "task": "wander",
        "carrying": null,
        "targetX": 13,
        "targetY": 320,
        "placeX": -1,
        "placeY": -1,
        "placeType": 0,
        "terraformFills": 0,
        "terraformClears": 0,
        "state": "swim",
        "pathLen": 0
      },
      {
        "id": 1,
        "x": 261,
        "y": 300,
        "job": "farm",
        "task": "place",
        "carrying": "seed",
        "targetX": 274,
        "targetY": 303,
        "placeX": 274,
        "placeY": 302,
        "placeType": 9,
        "terraformFills": 0,
        "terraformClears": 0,
        "state": "walk",
        "pathLen": 2
      },
      {
        "id": 2,
        "x": 235,
        "y": 303,
        "job": "farm",
        "task": "place",
        "carrying": "seed",
        "targetX": 274,
        "targetY": 303,
        "placeX": 274,
        "placeY": 302,
        "placeType": 9,
        "terraformFills": 0,
        "terraformClears": 0,
        "state": "walk",
        "pathLen": 22
      },
      {
        "id": 3,
        "x": 251,
        "y": 301,
        "job": "farm",
        "task": "place",
        "carrying": "seed",
        "targetX": 274,
        "targetY": 303,
        "placeX": 274,
        "placeY": 302,
        "placeType": 9,
        "terraformFills": 0,
        "terraformClears": 0,
        "state": "walk",
        "pathLen": 10
      },
      {
        "id": 4,
        "x": 259,
        "y": 300,
        "job": "farm",
        "task": "place",
        "carrying": "seed",
        "targetX": 274,
        "targetY": 303,
        "placeX": 274,
        "placeY": 302,
        "placeType": 9,
        "terraformFills": 0,
        "terraformClears": 0,
        "state": "walk",
        "pathLen": 3
      },
      {
        "id": 5,
        "x": 250,
        "y": 302,
        "job": "farm",
        "task": "place",
        "carrying": "seed",
        "targetX": 274,
        "targetY": 303,
        "placeX": 274,
        "placeY": 302,
        "placeType": 9,
        "terraformFills": 0,
        "terraformClears": 0,
        "state": "walk",
        "pathLen": 11
      }
    ],
    "kilns": [],
    "houses": []
  },
  {
    "tick": 225,
    "tiles": {
      "fg": {
        "16": 257,
        "18": 27,
        "sand": 506,
        "stone": 5415,
        "mud": 3944,
        "water": 2856,
        "kiln_stone": 88,
        "seed": 31,
        "brick": 1,
        "kiln_fire": 1
      },
      "bg": {
        "leaf": 923,
        "tree": 191
      }
    },
    "guys": [
      {
        "id": 0,
        "x": 38,
        "y": 321,
        "job": "wanderer",
        "task": "decide",
        "carrying": null,
        "targetX": 13,
        "targetY": 320,
        "placeX": -1,
        "placeY": -1,
        "placeType": 0,
        "terraformFills": 0,
        "terraformClears": 0,
        "state": "swim",
        "pathLen": 0
      },
      {
        "id": 1,
        "x": 276,
        "y": 301,
        "job": "farm",
        "task": "mine",
        "carrying": null,
        "targetX": 355,
        "targetY": 313,
        "placeX": 274,
        "placeY": 302,
        "placeType": 9,
        "terraformFills": 0,
        "terraformClears": 0,
        "state": "walk",
        "pathLen": 56
      },
      {
        "id": 2,
        "x": 236,
        "y": 302,
        "job": "farm",
        "task": "place",
        "carrying": "seed",
        "targetX": 274,
        "targetY": 303,
        "placeX": 274,
        "placeY": 302,
        "placeType": 9,
        "terraformFills": 0,
        "terraformClears": 0,
        "state": "walk",
        "pathLen": 22
      },
      {
        "id": 3,
        "x": 258,
        "y": 300,
        "job": "farm",
        "task": "place",
        "carrying": "seed",
        "targetX": 274,
        "targetY": 303,
        "placeX": 274,
        "placeY": 302,
        "placeType": 9,
        "terraformFills": 0,
        "terraformClears": 0,
        "state": "walk",
        "pathLen": 4
      },
      {
        "id": 4,
        "x": 268,
        "y": 302,
        "job": "farm",
        "task": "place",
        "carrying": "seed",
        "targetX": 274,
        "targetY": 303,
        "placeX": 274,
        "placeY": 302,
        "placeType": 9,
        "terraformFills": 0,
        "terraformClears": 0,
        "state": "walk",
        "pathLen": 1
      },
      {
        "id": 5,
        "x": 262,
        "y": 300,
        "job": "farm",
        "task": "place",
        "carrying": "seed",
        "targetX": 274,
        "targetY": 303,
        "placeX": 274,
        "placeY": 302,
        "placeType": 9,
        "terraformFills": 0,
        "terraformClears": 0,
        "state": "walk",
        "pathLen": 1
      }
    ],
    "kilns": [],
    "houses": []
  },
  {
    "tick": 250,
    "tiles": {
      "fg": {
        "16": 257,
        "18": 27,
        "sand": 506,
        "stone": 5415,
        "mud": 3944,
        "water": 2856,
        "kiln_stone": 88,
        "seed": 31,
        "brick": 1,
        "kiln_fire": 1
      },
      "bg": {
        "leaf": 923,
        "tree": 191
      }
    },
    "guys": [
      {
        "id": 0,
        "x": 36,
        "y": 321,
        "job": "wanderer",
        "task": "wander",
        "carrying": null,
        "targetX": 13,
        "targetY": 320,
        "placeX": -1,
        "placeY": -1,
        "placeType": 0,
        "terraformFills": 0,
        "terraformClears": 0,
        "state": "swim",
        "pathLen": 0
      },
      {
        "id": 1,
        "x": 278,
        "y": 302,
        "job": "farm",
        "task": "mine",
        "carrying": null,
        "targetX": 355,
        "targetY": 313,
        "placeX": 274,
        "placeY": 302,
        "placeType": 9,
        "terraformFills": 0,
        "terraformClears": 0,
        "state": "walk",
        "pathLen": 56
      },
      {
        "id": 2,
        "x": 248,
        "y": 302,
        "job": "farm",
        "task": "place",
        "carrying": "seed",
        "targetX": 274,
        "targetY": 303,
        "placeX": 274,
        "placeY": 302,
        "placeType": 9,
        "terraformFills": 0,
        "terraformClears": 0,
        "state": "walk",
        "pathLen": 11
      },
      {
        "id": 3,
        "x": 265,
        "y": 302,
        "job": "farm",
        "task": "place",
        "carrying": "seed",
        "targetX": 274,
        "targetY": 303,
        "placeX": 274,
        "placeY": 302,
        "placeType": 9,
        "terraformFills": 0,
        "terraformClears": 0,
        "state": "walk",
        "pathLen": 1
      },
      {
        "id": 4,
        "x": 277,
        "y": 302,
        "job": "wanderer",
        "task": "wander",
        "carrying": null,
        "targetX": 274,
        "targetY": 303,
        "placeX": 274,
        "placeY": 302,
        "placeType": 9,
        "terraformFills": 0,
        "terraformClears": 0,
        "state": "walk",
        "pathLen": 0
      },
      {
        "id": 5,
        "x": 258,
        "y": 300,
        "job": "farm",
        "task": "place",
        "carrying": "seed",
        "targetX": 274,
        "targetY": 303,
        "placeX": 274,
        "placeY": 302,
        "placeType": 9,
        "terraformFills": 0,
        "terraformClears": 0,
        "state": "walk",
        "pathLen": 1
      }
    ],
    "kilns": [],
    "houses": []
  },
  {
    "tick": 275,
    "tiles": {
      "fg": {
        "16": 258,
        "18": 27,
        "sand": 506,
        "stone": 5415,
        "mud": 3943,
        "water": 2856,
        "kiln_stone": 88,
        "seed": 31,
        "brick": 1,
        "kiln_fire": 1
      },
      "bg": {
        "leaf": 923,
        "tree": 191
      }
    },
    "guys": [
      {
        "id": 0,
        "x": 46,
        "y": 321,
        "job": "wanderer",
        "task": "wander",
        "carrying": null,
        "targetX": 13,
        "targetY": 320,
        "placeX": -1,
        "placeY": -1,
        "placeType": 0,
        "terraformFills": 0,
        "terraformClears": 0,
        "state": "swim",
        "pathLen": 0
      },
      {
        "id": 1,
        "x": 285,
        "y": 304,
        "job": "farm",
        "task": "mine",
        "carrying": null,
        "targetX": 355,
        "targetY": 313,
        "placeX": 274,
        "placeY": 302,
        "placeType": 9,
        "terraformFills": 0,
        "terraformClears": 0,
        "state": "fall",
        "pathLen": 50
      },
      {
        "id": 2,
        "x": 254,
        "y": 300,
        "job": "farm",
        "task": "place",
        "carrying": "seed",
        "targetX": 274,
        "targetY": 303,
        "placeX": 274,
        "placeY": 302,
        "placeType": 9,
        "terraformFills": 0,
        "terraformClears": 0,
        "state": "walk",
        "pathLen": 8
      },
      {
        "id": 3,
        "x": 272,
        "y": 302,
        "job": "farm",
        "task": "mine",
        "carrying": null,
        "targetX": 355,
        "targetY": 313,
        "placeX": 274,
        "placeY": 302,
        "placeType": 9,
        "terraformFills": 0,
        "terraformClears": 0,
        "state": "walk",
        "pathLen": 59
      },
      {
        "id": 4,
        "x": 286,
        "y": 306,
        "job": "wanderer",
        "task": "wander",
        "carrying": null,
        "targetX": 274,
        "targetY": 303,
        "placeX": 274,
        "placeY": 302,
        "placeType": 9,
        "terraformFills": 0,
        "terraformClears": 0,
        "state": "walk",
        "pathLen": 0
      },
      {
        "id": 5,
        "x": 266,
        "y": 302,
        "job": "farm",
        "task": "place",
        "carrying": "seed",
        "targetX": 274,
        "targetY": 303,
        "placeX": 274,
        "placeY": 302,
        "placeType": 9,
        "terraformFills": 0,
        "terraformClears": 0,
        "state": "walk",
        "pathLen": 1
      }
    ],
    "kilns": [],
    "houses": []
  },
  {
    "tick": 300,
    "tiles": {
      "fg": {
        "16": 258,
        "18": 27,
        "sand": 506,
        "stone": 5415,
        "mud": 3943,
        "water": 2856,
        "kiln_stone": 88,
        "seed": 31,
        "brick": 1,
        "kiln_fire": 1
      },
      "bg": {
        "leaf": 923,
        "tree": 191
      }
    },
    "guys": [
      {
        "id": 0,
        "x": 51,
        "y": 321,
        "job": "wanderer",
        "task": "wander",
        "carrying": null,
        "targetX": 13,
        "targetY": 320,
        "placeX": -1,
        "placeY": -1,
        "placeType": 0,
        "terraformFills": 0,
        "terraformClears": 0,
        "state": "swim",
        "pathLen": 0
      },
      {
        "id": 1,
        "x": 294,
        "y": 300,
        "job": "farm",
        "task": "mine",
        "carrying": null,
        "targetX": 355,
        "targetY": 313,
        "placeX": 274,
        "placeY": 302,
        "placeType": 9,
        "terraformFills": 0,
        "terraformClears": 0,
        "state": "walk",
        "pathLen": 45
      },
      {
        "id": 2,
        "x": 261,
        "y": 300,
        "job": "farm",
        "task": "place",
        "carrying": "seed",
        "targetX": 274,
        "targetY": 303,
        "placeX": 274,
        "placeY": 302,
        "placeType": 9,
        "terraformFills": 0,
        "terraformClears": 0,
        "state": "walk",
        "pathLen": 2
      },
      {
        "id": 3,
        "x": 277,
        "y": 302,
        "job": "farm",
        "task": "mine",
        "carrying": null,
        "targetX": 355,
        "targetY": 313,
        "placeX": 274,
        "placeY": 302,
        "placeType": 9,
        "terraformFills": 0,
        "terraformClears": 0,
        "state": "walk",
        "pathLen": 56
      },
      {
        "id": 4,
        "x": 283,
        "y": 305,
        "job": "wanderer",
        "task": "wander",
        "carrying": null,
        "targetX": 274,
        "targetY": 303,
        "placeX": 274,
        "placeY": 302,
        "placeType": 9,
        "terraformFills": 0,
        "terraformClears": 0,
        "state": "fall",
        "pathLen": 0
      },
      {
        "id": 5,
        "x": 268,
        "y": 302,
        "job": "farm",
        "task": "place",
        "carrying": "seed",
        "targetX": 274,
        "targetY": 303,
        "placeX": 274,
        "placeY": 302,
        "placeType": 9,
        "terraformFills": 0,
        "terraformClears": 0,
        "state": "walk",
        "pathLen": 1
      }
    ],
    "kilns": [],
    "houses": []
  },
  {
    "tick": 325,
    "tiles": {
      "fg": {
        "16": 258,
        "18": 27,
        "sand": 506,
        "stone": 5415,
        "mud": 3943,
        "water": 2856,
        "kiln_stone": 88,
        "seed": 31,
        "brick": 1,
        "kiln_fire": 1
      },
      "bg": {
        "leaf": 923,
        "tree": 191
      }
    },
    "guys": [
      {
        "id": 0,
        "x": 43,
        "y": 321,
        "job": "wanderer",
        "task": "wander",
        "carrying": null,
        "targetX": 13,
        "targetY": 320,
        "placeX": -1,
        "placeY": -1,
        "placeType": 0,
        "terraformFills": 0,
        "terraformClears": 0,
        "state": "swim",
        "pathLen": 0
      },
      {
        "id": 1,
        "x": 296,
        "y": 300,
        "job": "farm",
        "task": "mine",
        "carrying": null,
        "targetX": 355,
        "targetY": 313,
        "placeX": 274,
        "placeY": 302,
        "placeType": 9,
        "terraformFills": 0,
        "terraformClears": 0,
        "state": "walk",
        "pathLen": 44
      },
      {
        "id": 2,
        "x": 271,
        "y": 302,
        "job": "wanderer",
        "task": "wander",
        "carrying": null,
        "targetX": 274,
        "targetY": 303,
        "placeX": 274,
        "placeY": 302,
        "placeType": 9,
        "terraformFills": 0,
        "terraformClears": 0,
        "state": "walk",
        "pathLen": 0
      },
      {
        "id": 3,
        "x": 289,
        "y": 302,
        "job": "farm",
        "task": "mine",
        "carrying": null,
        "targetX": 355,
        "targetY": 313,
        "placeX": 274,
        "placeY": 302,
        "placeType": 9,
        "terraformFills": 0,
        "terraformClears": 0,
        "state": "fall",
        "pathLen": 47
      },
      {
        "id": 4,
        "x": 289,
        "y": 304,
        "job": "farm",
        "task": "mine",
        "carrying": null,
        "targetX": 355,
        "targetY": 313,
        "placeX": 274,
        "placeY": 302,
        "placeType": 9,
        "terraformFills": 0,
        "terraformClears": 0,
        "state": "walk",
        "pathLen": 46
      },
      {
        "id": 5,
        "x": 281,
        "y": 304,
        "job": "wanderer",
        "task": "wander",
        "carrying": null,
        "targetX": 274,
        "targetY": 303,
        "placeX": 274,
        "placeY": 302,
        "placeType": 9,
        "terraformFills": 0,
        "terraformClears": 0,
        "state": "walk",
        "pathLen": 0
      }
    ],
    "kilns": [],
    "houses": []
  },
  {
    "tick": 350,
    "tiles": {
      "fg": {
        "16": 258,
        "18": 27,
        "sand": 506,
        "stone": 5415,
        "mud": 3943,
        "water": 2856,
        "kiln_stone": 88,
        "seed": 31,
        "brick": 1,
        "kiln_fire": 1
      },
      "bg": {
        "leaf": 923,
        "tree": 191
      }
    },
    "guys": [
      {
        "id": 0,
        "x": 35,
        "y": 321,
        "job": "wanderer",
        "task": "wander",
        "carrying": null,
        "targetX": 13,
        "targetY": 320,
        "placeX": -1,
        "placeY": -1,
        "placeType": 0,
        "terraformFills": 0,
        "terraformClears": 0,
        "state": "swim",
        "pathLen": 0
      },
      {
        "id": 1,
        "x": 308,
        "y": 301,
        "job": "farm",
        "task": "mine",
        "carrying": null,
        "targetX": 355,
        "targetY": 313,
        "placeX": 274,
        "placeY": 302,
        "placeType": 9,
        "terraformFills": 0,
        "terraformClears": 0,
        "state": "walk",
        "pathLen": 40
      },
      {
        "id": 2,
        "x": 283,
        "y": 304,
        "job": "wanderer",
        "task": "wander",
        "carrying": null,
        "targetX": 274,
        "targetY": 303,
        "placeX": 274,
        "placeY": 302,
        "placeType": 9,
        "terraformFills": 0,
        "terraformClears": 0,
        "state": "walk",
        "pathLen": 0
      },
      {
        "id": 3,
        "x": 295,
        "y": 300,
        "job": "farm",
        "task": "mine",
        "carrying": null,
        "targetX": 355,
        "targetY": 313,
        "placeX": 274,
        "placeY": 302,
        "placeType": 9,
        "terraformFills": 0,
        "terraformClears": 0,
        "state": "walk",
        "pathLen": 45
      },
      {
        "id": 4,
        "x": 297,
        "y": 300,
        "job": "farm",
        "task": "mine",
        "carrying": null,
        "targetX": 355,
        "targetY": 313,
        "placeX": 274,
        "placeY": 302,
        "placeType": 9,
        "terraformFills": 0,
        "terraformClears": 0,
        "state": "walk",
        "pathLen": 45
      },
      {
        "id": 5,
        "x": 286,
        "y": 306,
        "job": "wanderer",
        "task": "wander",
        "carrying": null,
        "targetX": 274,
        "targetY": 303,
        "placeX": 274,
        "placeY": 302,
        "placeType": 9,
        "terraformFills": 0,
        "terraformClears": 0,
        "state": "walk",
        "pathLen": 0
      }
    ],
    "kilns": [],
    "houses": []
  },
  {
    "tick": 375,
    "tiles": {
      "fg": {
        "16": 257,
        "18": 27,
        "sand": 506,
        "stone": 5415,
        "mud": 3944,
        "water": 2856,
        "kiln_stone": 88,
        "seed": 31,
        "brick": 1,
        "kiln_fire": 1
      },
      "bg": {
        "leaf": 923,
        "tree": 191
      }
    },
    "guys": [
      {
        "id": 0,
        "x": 30,
        "y": 321,
        "job": "wanderer",
        "task": "wander",
        "carrying": null,
        "targetX": 13,
        "targetY": 320,
        "placeX": -1,
        "placeY": -1,
        "placeType": 0,
        "terraformFills": 0,
        "terraformClears": 0,
        "state": "swim",
        "pathLen": 0
      },
      {
        "id": 1,
        "x": 312,
        "y": 303,
        "job": "farm",
        "task": "mine",
        "carrying": null,
        "targetX": 355,
        "targetY": 313,
        "placeX": 274,
        "placeY": 302,
        "placeType": 9,
        "terraformFills": 0,
        "terraformClears": 0,
        "state": "walk",
        "pathLen": 38
      },
      {
        "id": 2,
        "x": 285,
        "y": 305,
        "job": "wanderer",
        "task": "wander",
        "carrying": null,
        "targetX": 274,
        "targetY": 303,
        "placeX": 274,
        "placeY": 302,
        "placeType": 9,
        "terraformFills": 0,
        "terraformClears": 0,
        "state": "walk",
        "pathLen": 0
      },
      {
        "id": 3,
        "x": 299,
        "y": 300,
        "job": "farm",
        "task": "mine",
        "carrying": null,
        "targetX": 355,
        "targetY": 313,
        "placeX": 274,
        "placeY": 302,
        "placeType": 9,
        "terraformFills": 0,
        "terraformClears": 0,
        "state": "walk",
        "pathLen": 42
      },
      {
        "id": 4,
        "x": 303,
        "y": 300,
        "job": "farm",
        "task": "mine",
        "carrying": null,
        "targetX": 355,
        "targetY": 313,
        "placeX": 274,
        "placeY": 302,
        "placeType": 9,
        "terraformFills": 0,
        "terraformClears": 0,
        "state": "walk",
        "pathLen": 42
      },
      {
        "id": 5,
        "x": 284,
        "y": 305,
        "job": "farm",
        "task": "mine",
        "carrying": null,
        "targetX": 355,
        "targetY": 313,
        "placeX": 274,
        "placeY": 302,
        "placeType": 9,
        "terraformFills": 0,
        "terraformClears": 0,
        "state": "walk",
        "pathLen": 50
      }
    ],
    "kilns": [],
    "houses": []
  },
  {
    "tick": 400,
    "tiles": {
      "fg": {
        "16": 257,
        "18": 27,
        "sand": 506,
        "stone": 5415,
        "mud": 3944,
        "water": 2856,
        "kiln_stone": 88,
        "seed": 31,
        "brick": 1,
        "kiln_fire": 1
      },
      "bg": {
        "leaf": 923,
        "tree": 191
      }
    },
    "guys": [
      {
        "id": 0,
        "x": 25,
        "y": 315,
        "job": "wanderer",
        "task": "wander",
        "carrying": null,
        "targetX": 13,
        "targetY": 320,
        "placeX": -1,
        "placeY": -1,
        "placeType": 0,
        "terraformFills": 0,
        "terraformClears": 0,
        "state": "walk",
        "pathLen": 0
      },
      {
        "id": 1,
        "x": 316,
        "y": 304,
        "job": "farm",
        "task": "mine",
        "carrying": null,
        "targetX": 355,
        "targetY": 313,
        "placeX": 274,
        "placeY": 302,
        "placeType": 9,
        "terraformFills": 0,
        "terraformClears": 0,
        "state": "walk",
        "pathLen": 33
      },
      {
        "id": 2,
        "x": 280,
        "y": 304,
        "job": "farm",
        "task": "mine",
        "carrying": null,
        "targetX": 355,
        "targetY": 313,
        "placeX": 274,
        "placeY": 302,
        "placeType": 9,
        "terraformFills": 0,
        "terraformClears": 0,
        "state": "walk",
        "pathLen": 0
      },
      {
        "id": 3,
        "x": 312,
        "y": 302,
        "job": "farm",
        "task": "mine",
        "carrying": null,
        "targetX": 355,
        "targetY": 313,
        "placeX": 274,
        "placeY": 302,
        "placeType": 9,
        "terraformFills": 0,
        "terraformClears": 0,
        "state": "walk",
        "pathLen": 39
      },
      {
        "id": 4,
        "x": 312,
        "y": 301,
        "job": "farm",
        "task": "mine",
        "carrying": null,
        "targetX": 355,
        "targetY": 313,
        "placeX": 274,
        "placeY": 302,
        "placeType": 9,
        "terraformFills": 0,
        "terraformClears": 0,
        "state": "walk",
        "pathLen": 39
      },
      {
        "id": 5,
        "x": 283,
        "y": 306,
        "job": "farm",
        "task": "mine",
        "carrying": null,
        "targetX": 355,
        "targetY": 313,
        "placeX": 274,
        "placeY": 302,
        "placeType": 9,
        "terraformFills": 0,
        "terraformClears": 0,
        "state": "walk",
        "pathLen": 49
      }
    ],
    "kilns": [],
    "houses": []
  },
  {
    "tick": 425,
    "tiles": {
      "fg": {
        "16": 257,
        "18": 27,
        "sand": 506,
        "stone": 5415,
        "mud": 3944,
        "water": 2856,
        "kiln_stone": 88,
        "seed": 31,
        "brick": 1,
        "kiln_fire": 1
      },
      "bg": {
        "leaf": 923,
        "tree": 191
      }
    },
    "guys": [
      {
        "id": 0,
        "x": 20,
        "y": 315,
        "job": "wanderer",
        "task": "wander",
        "carrying": null,
        "targetX": 13,
        "targetY": 320,
        "placeX": -1,
        "placeY": -1,
        "placeType": 0,
        "terraformFills": 0,
        "terraformClears": 0,
        "state": "walk",
        "pathLen": 0
      },
      {
        "id": 1,
        "x": 322,
        "y": 302,
        "job": "farm",
        "task": "mine",
        "carrying": null,
        "targetX": 355,
        "targetY": 313,
        "placeX": 274,
        "placeY": 302,
        "placeType": 9,
        "terraformFills": 0,
        "terraformClears": 0,
        "state": "walk",
        "pathLen": 31
      },
      {
        "id": 2,
        "x": 285,
        "y": 305,
        "job": "farm",
        "task": "mine",
        "carrying": null,
        "targetX": 355,
        "targetY": 313,
        "placeX": 274,
        "placeY": 302,
        "placeType": 9,
        "terraformFills": 0,
        "terraformClears": 0,
        "state": "walk",
        "pathLen": 49
      },
      {
        "id": 3,
        "x": 308,
        "y": 302,
        "job": "farm",
        "task": "mine",
        "carrying": null,
        "targetX": 355,
        "targetY": 313,
        "placeX": 274,
        "placeY": 302,
        "placeType": 9,
        "terraformFills": 0,
        "terraformClears": 0,
        "state": "walk",
        "pathLen": 38
      },
      {
        "id": 4,
        "x": 319,
        "y": 304,
        "job": "farm",
        "task": "mine",
        "carrying": null,
        "targetX": 355,
        "targetY": 313,
        "placeX": 274,
        "placeY": 302,
        "placeType": 9,
        "terraformFills": 0,
        "terraformClears": 0,
        "state": "fall",
        "pathLen": 32
      },
      {
        "id": 5,
        "x": 292,
        "y": 301,
        "job": "farm",
        "task": "mine",
        "carrying": null,
        "targetX": 355,
        "targetY": 313,
        "placeX": 274,
        "placeY": 302,
        "placeType": 9,
        "terraformFills": 0,
        "terraformClears": 0,
        "state": "walk",
        "pathLen": 45
      }
    ],
    "kilns": [],
    "houses": []
  },
  {
    "tick": 450,
    "tiles": {
      "fg": {
        "16": 258,
        "18": 27,
        "sand": 506,
        "stone": 5415,
        "mud": 3943,
        "water": 2856,
        "kiln_stone": 88,
        "seed": 31,
        "brick": 1,
        "kiln_fire": 1
      },
      "bg": {
        "leaf": 923,
        "tree": 191
      }
    },
    "guys": [
      {
        "id": 0,
        "x": 13,
        "y": 319,
        "job": "wanderer",
        "task": "wander",
        "carrying": null,
        "targetX": 13,
        "targetY": 320,
        "placeX": -1,
        "placeY": -1,
        "placeType": 0,
        "terraformFills": 0,
        "terraformClears": 0,
        "state": "swim",
        "pathLen": 0
      },
      {
        "id": 1,
        "x": 322,
        "y": 302,
        "job": "farm",
        "task": "mine",
        "carrying": null,
        "targetX": 355,
        "targetY": 313,
        "placeX": 274,
        "placeY": 302,
        "placeType": 9,
        "terraformFills": 0,
        "terraformClears": 0,
        "state": "walk",
        "pathLen": 31
      },
      {
        "id": 2,
        "x": 286,
        "y": 304,
        "job": "farm",
        "task": "mine",
        "carrying": null,
        "targetX": 355,
        "targetY": 313,
        "placeX": 274,
        "placeY": 302,
        "placeType": 9,
        "terraformFills": 0,
        "terraformClears": 0,
        "state": "walk",
        "pathLen": 48
      },
      {
        "id": 3,
        "x": 306,
        "y": 301,
        "job": "farm",
        "task": "mine",
        "carrying": null,
        "targetX": 355,
        "targetY": 313,
        "placeX": 274,
        "placeY": 302,
        "placeType": 9,
        "terraformFills": 0,
        "terraformClears": 0,
        "state": "walk",
        "pathLen": 38
      },
      {
        "id": 4,
        "x": 322,
        "y": 302,
        "job": "farm",
        "task": "mine",
        "carrying": null,
        "targetX": 355,
        "targetY": 313,
        "placeX": 274,
        "placeY": 302,
        "placeType": 9,
        "terraformFills": 0,
        "terraformClears": 0,
        "state": "walk",
        "pathLen": 31
      },
      {
        "id": 5,
        "x": 296,
        "y": 300,
        "job": "farm",
        "task": "mine",
        "carrying": null,
        "targetX": 355,
        "targetY": 313,
        "placeX": 274,
        "placeY": 302,
        "placeType": 9,
        "terraformFills": 0,
        "terraformClears": 0,
        "state": "walk",
        "pathLen": 45
      }
    ],
    "kilns": [],
    "houses": []
  },
  {
    "tick": 475,
    "tiles": {
      "fg": {
        "16": 258,
        "18": 27,
        "sand": 506,
        "stone": 5415,
        "mud": 3943,
        "water": 2856,
        "kiln_stone": 88,
        "seed": 31,
        "brick": 1,
        "kiln_fire": 1
      },
      "bg": {
        "leaf": 923,
        "tree": 191
      }
    },
    "guys": [
      {
        "id": 0,
        "x": 4,
        "y": 320,
        "job": "wanderer",
        "task": "wander",
        "carrying": null,
        "targetX": 13,
        "targetY": 320,
        "placeX": -1,
        "placeY": -1,
        "placeType": 0,
        "terraformFills": 0,
        "terraformClears": 0,
        "state": "swim",
        "pathLen": 0
      },
      {
        "id": 1,
        "x": 322,
        "y": 302,
        "job": "farm",
        "task": "mine",
        "carrying": null,
        "targetX": 355,
        "targetY": 313,
        "placeX": 274,
        "placeY": 302,
        "placeType": 9,
        "terraformFills": 0,
        "terraformClears": 0,
        "state": "walk",
        "pathLen": 31
      },
      {
        "id": 2,
        "x": 299,
        "y": 300,
        "job": "farm",
        "task": "mine",
        "carrying": null,
        "targetX": 355,
        "targetY": 313,
        "placeX": 274,
        "placeY": 302,
        "placeType": 9,
        "terraformFills": 0,
        "terraformClears": 0,
        "state": "walk",
        "pathLen": 43
      },
      {
        "id": 3,
        "x": 314,
        "y": 304,
        "job": "farm",
        "task": "mine",
        "carrying": null,
        "targetX": 355,
        "targetY": 313,
        "placeX": 274,
        "placeY": 302,
        "placeType": 9,
        "terraformFills": 0,
        "terraformClears": 0,
        "state": "walk",
        "pathLen": 35
      },
      {
        "id": 4,
        "x": 322,
        "y": 302,
        "job": "farm",
        "task": "mine",
        "carrying": null,
        "targetX": 355,
        "targetY": 313,
        "placeX": 274,
        "placeY": 302,
        "placeType": 9,
        "terraformFills": 0,
        "terraformClears": 0,
        "state": "walk",
        "pathLen": 31
      },
      {
        "id": 5,
        "x": 301,
        "y": 300,
        "job": "farm",
        "task": "mine",
        "carrying": null,
        "targetX": 355,
        "targetY": 313,
        "placeX": 274,
        "placeY": 302,
        "placeType": 9,
        "terraformFills": 0,
        "terraformClears": 0,
        "state": "walk",
        "pathLen": 42
      }
    ],
    "kilns": [],
    "houses": []
  },
  {
    "tick": 500,
    "tiles": {
      "fg": {
        "16": 257,
        "18": 27,
        "sand": 506,
        "stone": 5415,
        "mud": 3944,
        "water": 2856,
        "kiln_stone": 88,
        "seed": 31,
        "brick": 1,
        "kiln_fire": 1
      },
      "bg": {
        "leaf": 923,
        "tree": 191
      }
    },
    "guys": [
      {
        "id": 0,
        "x": 7,
        "y": 321,
        "job": "wanderer",
        "task": "wander",
        "carrying": null,
        "targetX": 13,
        "targetY": 320,
        "placeX": -1,
        "placeY": -1,
        "placeType": 0,
        "terraformFills": 0,
        "terraformClears": 0,
        "state": "swim",
        "pathLen": 0
      },
      {
        "id": 1,
        "x": 322,
        "y": 302,
        "job": "farm",
        "task": "mine",
        "carrying": null,
        "targetX": 355,
        "targetY": 313,
        "placeX": 274,
        "placeY": 302,
        "placeType": 9,
        "terraformFills": 0,
        "terraformClears": 0,
        "state": "walk",
        "pathLen": 31
      },
      {
        "id": 2,
        "x": 301,
        "y": 300,
        "job": "farm",
        "task": "mine",
        "carrying": null,
        "targetX": 355,
        "targetY": 313,
        "placeX": 274,
        "placeY": 302,
        "placeType": 9,
        "terraformFills": 0,
        "terraformClears": 0,
        "state": "walk",
        "pathLen": 42
      },
      {
        "id": 3,
        "x": 318,
        "y": 304,
        "job": "farm",
        "task": "mine",
        "carrying": null,
        "targetX": 355,
        "targetY": 313,
        "placeX": 274,
        "placeY": 302,
        "placeType": 9,
        "terraformFills": 0,
        "terraformClears": 0,
        "state": "walk",
        "pathLen": 31
      },
      {
        "id": 4,
        "x": 322,
        "y": 302,
        "job": "farm",
        "task": "mine",
        "carrying": null,
        "targetX": 355,
        "targetY": 313,
        "placeX": 274,
        "placeY": 302,
        "placeType": 9,
        "terraformFills": 0,
        "terraformClears": 0,
        "state": "walk",
        "pathLen": 31
      },
      {
        "id": 5,
        "x": 312,
        "y": 301,
        "job": "farm",
        "task": "mine",
        "carrying": null,
        "targetX": 355,
        "targetY": 313,
        "placeX": 274,
        "placeY": 302,
        "placeType": 9,
        "terraformFills": 0,
        "terraformClears": 0,
        "state": "walk",
        "pathLen": 39
      }
    ],
    "kilns": [],
    "houses": []
  }
]